// Jest Snapshot v1, https://goo.gl/fbAQLP

exports[`Store should handle a flurry of actions 1`] = `
Object {
  user : {

  },
  planets: [{

}]
}
`;
